[2196:2196:0416/201446.058074:ERROR:base/memory/shared_memory_switch.cc:289] Failed global descriptor lookup: 7
[2152:2152:0416/201446.350258:ERROR:dbus/object_proxy.cc:572] Failed to call method: org.freedesktop.DBus.Properties.GetAll: object_path= /org/freedesktop/UPower/devices/DisplayDevice: org.freedesktop.DBus.Error.ServiceUnknown: The name org.freedesktop.UPower was not provided by any .service files
Created TensorFlow Lite XNNPACK delegate for CPU.
[2192:2192:0416/201449.010419:ERROR:gpu/command_buffer/service/context_group.cc:146] ContextResult::kFatalFailure: WebGL2 blocklisted
[2152:2152:0416/201449.026452:ERROR:extensions/browser/service_worker/service_worker_task_queue.cc:484] DidStartWorkerFail epcnnfbjfcgphgdmggkamkmgojdagdnn: 15
[2152:2152:0416/201453.518742:ERROR:mojo/public/cpp/bindings/lib/interface_endpoint_client.cc:748] Message 1 rejected by interface blink.mojom.WidgetHost
[2192:2192:0416/201459.449164:ERROR:gpu/command_buffer/service/context_group.cc:138] ContextResult::kFatalFailure: WebGL1 blocklisted
[2152:2179:0416/201511.669097:ERROR:google_apis/gcm/engine/registration_request.cc:291] Registration response error message: DEPRECATED_ENDPOINT
[2192:2192:0416/201529.522217:ERROR:gpu/command_buffer/service/context_group.cc:146] ContextResult::kFatalFailure: WebGL2 blocklisted
[2152:2152:0416/201529.529724:ERROR:extensions/browser/service_worker/service_worker_task_queue.cc:484] DidStartWorkerFail epcnnfbjfcgphgdmggkamkmgojdagdnn: 15
[2152:2179:0416/201536.489357:ERROR:google_apis/gcm/engine/registration_request.cc:291] Registration response error message: DEPRECATED_ENDPOINT
[2192:2192:0416/201632.194115:ERROR:gpu/command_buffer/service/context_group.cc:146] ContextResult::kFatalFailure: WebGL2 blocklisted
[2152:2152:0416/201632.228525:ERROR:extensions/browser/service_worker/service_worker_task_queue.cc:484] DidStartWorkerFail epcnnfbjfcgphgdmggkamkmgojdagdnn: 15
[2152:2179:0416/201635.290263:ERROR:google_apis/gcm/engine/registration_request.cc:291] Registration response error message: DEPRECATED_ENDPOINT
[2192:2192:0416/201703.545192:ERROR:gpu/command_buffer/service/context_group.cc:146] ContextResult::kFatalFailure: WebGL2 blocklisted
[2152:2152:0416/201703.567745:ERROR:extensions/browser/service_worker/service_worker_task_queue.cc:484] DidStartWorkerFail epcnnfbjfcgphgdmggkamkmgojdagdnn: 15
[2192:2192:0416/201738.319081:ERROR:gpu/command_buffer/service/context_group.cc:146] ContextResult::kFatalFailure: WebGL2 blocklisted
[2152:2152:0416/201738.328862:ERROR:extensions/browser/service_worker/service_worker_task_queue.cc:484] DidStartWorkerFail epcnnfbjfcgphgdmggkamkmgojdagdnn: 15
[2192:2192:0416/201810.471912:ERROR:gpu/command_buffer/service/context_group.cc:146] ContextResult::kFatalFailure: WebGL2 blocklisted
[2152:2152:0416/201810.481018:ERROR:extensions/browser/service_worker/service_worker_task_queue.cc:484] DidStartWorkerFail epcnnfbjfcgphgdmggkamkmgojdagdnn: 15
[2152:2179:0416/201812.803876:ERROR:google_apis/gcm/engine/registration_request.cc:291] Registration response error message: DEPRECATED_ENDPOINT
[2192:2192:0416/201903.142981:ERROR:gpu/command_buffer/service/context_group.cc:146] ContextResult::kFatalFailure: WebGL2 blocklisted
[2152:2152:0416/201903.152637:ERROR:extensions/browser/service_worker/service_worker_task_queue.cc:484] DidStartWorkerFail epcnnfbjfcgphgdmggkamkmgojdagdnn: 15
[2192:2192:0416/201938.295839:ERROR:gpu/command_buffer/service/context_group.cc:146] ContextResult::kFatalFailure: WebGL2 blocklisted
[2152:2152:0416/201938.303653:ERROR:extensions/browser/service_worker/service_worker_task_queue.cc:484] DidStartWorkerFail epcnnfbjfcgphgdmggkamkmgojdagdnn: 15
[2192:2192:0416/202010.874593:ERROR:gpu/command_buffer/service/context_group.cc:146] ContextResult::kFatalFailure: WebGL2 blocklisted
[2152:2152:0416/202010.882684:ERROR:extensions/browser/service_worker/service_worker_task_queue.cc:484] DidStartWorkerFail epcnnfbjfcgphgdmggkamkmgojdagdnn: 15
[2152:2179:0416/202147.487569:ERROR:google_apis/gcm/engine/registration_request.cc:291] Registration response error message: DEPRECATED_ENDPOINT
[2192:2192:0416/202211.588206:ERROR:gpu/command_buffer/service/context_group.cc:146] ContextResult::kFatalFailure: WebGL2 blocklisted
[2152:2152:0416/202211.595786:ERROR:extensions/browser/service_worker/service_worker_task_queue.cc:484] DidStartWorkerFail epcnnfbjfcgphgdmggkamkmgojdagdnn: 15
[2192:2192:0416/202413.386889:ERROR:gpu/command_buffer/service/context_group.cc:146] ContextResult::kFatalFailure: WebGL2 blocklisted
[2152:2152:0416/202413.394768:ERROR:extensions/browser/service_worker/service_worker_task_queue.cc:484] DidStartWorkerFail epcnnfbjfcgphgdmggkamkmgojdagdnn: 15
[2192:2192:0416/202520.211230:ERROR:gpu/command_buffer/service/context_group.cc:146] ContextResult::kFatalFailure: WebGL2 blocklisted
[2152:2152:0416/202520.219728:ERROR:extensions/browser/service_worker/service_worker_task_queue.cc:484] DidStartWorkerFail epcnnfbjfcgphgdmggkamkmgojdagdnn: 15
[2192:2192:0416/202614.579068:ERROR:gpu/command_buffer/service/context_group.cc:146] ContextResult::kFatalFailure: WebGL2 blocklisted
[2152:2152:0416/202614.586846:ERROR:extensions/browser/service_worker/service_worker_task_queue.cc:484] DidStartWorkerFail epcnnfbjfcgphgdmggkamkmgojdagdnn: 15
[2192:2192:0416/202721.573011:ERROR:gpu/command_buffer/service/context_group.cc:146] ContextResult::kFatalFailure: WebGL2 blocklisted
[2152:2152:0416/202721.580695:ERROR:extensions/browser/service_worker/service_worker_task_queue.cc:484] DidStartWorkerFail epcnnfbjfcgphgdmggkamkmgojdagdnn: 15
[2192:2192:0416/202822.403896:ERROR:gpu/command_buffer/service/context_group.cc:146] ContextResult::kFatalFailure: WebGL2 blocklisted
[2152:2152:0416/202822.411719:ERROR:extensions/browser/service_worker/service_worker_task_queue.cc:484] DidStartWorkerFail epcnnfbjfcgphgdmggkamkmgojdagdnn: 15
[2152:2179:0416/202907.253748:ERROR:google_apis/gcm/engine/registration_request.cc:291] Registration response error message: DEPRECATED_ENDPOINT
[2192:2192:0416/202923.068107:ERROR:gpu/command_buffer/service/context_group.cc:146] ContextResult::kFatalFailure: WebGL2 blocklisted
[2152:2152:0416/202923.075705:ERROR:extensions/browser/service_worker/service_worker_task_queue.cc:484] DidStartWorkerFail epcnnfbjfcgphgdmggkamkmgojdagdnn: 15
[2192:2192:0416/203023.863898:ERROR:gpu/command_buffer/service/context_group.cc:146] ContextResult::kFatalFailure: WebGL2 blocklisted
[2152:2152:0416/203023.871856:ERROR:extensions/browser/service_worker/service_worker_task_queue.cc:484] DidStartWorkerFail epcnnfbjfcgphgdmggkamkmgojdagdnn: 15
[2192:2192:0416/203124.446598:ERROR:gpu/command_buffer/service/context_group.cc:146] ContextResult::kFatalFailure: WebGL2 blocklisted
[2152:2152:0416/203124.454286:ERROR:extensions/browser/service_worker/service_worker_task_queue.cc:484] DidStartWorkerFail epcnnfbjfcgphgdmggkamkmgojdagdnn: 15
[2192:2192:0416/203225.209390:ERROR:gpu/command_buffer/service/context_group.cc:146] ContextResult::kFatalFailure: WebGL2 blocklisted
[2152:2152:0416/203225.218407:ERROR:extensions/browser/service_worker/service_worker_task_queue.cc:484] DidStartWorkerFail epcnnfbjfcgphgdmggkamkmgojdagdnn: 15
[2192:2192:0416/203326.160194:ERROR:gpu/command_buffer/service/context_group.cc:146] ContextResult::kFatalFailure: WebGL2 blocklisted
[2152:2152:0416/203326.167779:ERROR:extensions/browser/service_worker/service_worker_task_queue.cc:484] DidStartWorkerFail epcnnfbjfcgphgdmggkamkmgojdagdnn: 15
[2192:2192:0416/203427.144465:ERROR:gpu/command_buffer/service/context_group.cc:146] ContextResult::kFatalFailure: WebGL2 blocklisted
[2152:2152:0416/203427.155489:ERROR:extensions/browser/service_worker/service_worker_task_queue.cc:484] DidStartWorkerFail epcnnfbjfcgphgdmggkamkmgojdagdnn: 15
[2192:2192:0416/203527.540874:ERROR:gpu/command_buffer/service/context_group.cc:146] ContextResult::kFatalFailure: WebGL2 blocklisted
[2152:2152:0416/203527.550674:ERROR:extensions/browser/service_worker/service_worker_task_queue.cc:484] DidStartWorkerFail epcnnfbjfcgphgdmggkamkmgojdagdnn: 15
[2192:2192:0416/204536.655933:ERROR:gpu/command_buffer/service/context_group.cc:146] ContextResult::kFatalFailure: WebGL2 blocklisted
[2152:2152:0416/204536.667195:ERROR:extensions/browser/service_worker/service_worker_task_queue.cc:484] DidStartWorkerFail epcnnfbjfcgphgdmggkamkmgojdagdnn: 15
[2192:2192:0416/204653.273034:ERROR:gpu/command_buffer/service/context_group.cc:146] ContextResult::kFatalFailure: WebGL2 blocklisted
[2152:2152:0416/204653.281733:ERROR:extensions/browser/service_worker/service_worker_task_queue.cc:484] DidStartWorkerFail epcnnfbjfcgphgdmggkamkmgojdagdnn: 15
[2192:2192:0416/204724.151466:ERROR:gpu/command_buffer/service/context_group.cc:146] ContextResult::kFatalFailure: WebGL2 blocklisted
[2152:2152:0416/204724.159397:ERROR:extensions/browser/service_worker/service_worker_task_queue.cc:484] DidStartWorkerFail epcnnfbjfcgphgdmggkamkmgojdagdnn: 15
[2192:2192:0416/211616.122613:ERROR:gpu/command_buffer/service/context_group.cc:146] ContextResult::kFatalFailure: WebGL2 blocklisted
[2152:2152:0416/211616.130031:ERROR:extensions/browser/service_worker/service_worker_task_queue.cc:484] DidStartWorkerFail epcnnfbjfcgphgdmggkamkmgojdagdnn: 15
[2192:2192:0416/211655.454219:ERROR:gpu/command_buffer/service/context_group.cc:146] ContextResult::kFatalFailure: WebGL2 blocklisted
[2152:2152:0416/211655.461870:ERROR:extensions/browser/service_worker/service_worker_task_queue.cc:484] DidStartWorkerFail epcnnfbjfcgphgdmggkamkmgojdagdnn: 15
[2192:2192:0416/211808.685443:ERROR:gpu/command_buffer/service/context_group.cc:146] ContextResult::kFatalFailure: WebGL2 blocklisted
[2152:2152:0416/211808.692781:ERROR:extensions/browser/service_worker/service_worker_task_queue.cc:484] DidStartWorkerFail epcnnfbjfcgphgdmggkamkmgojdagdnn: 15
[2192:2192:0416/211839.945720:ERROR:gpu/command_buffer/service/context_group.cc:146] ContextResult::kFatalFailure: WebGL2 blocklisted
[2152:2152:0416/211839.952769:ERROR:extensions/browser/service_worker/service_worker_task_queue.cc:484] DidStartWorkerFail epcnnfbjfcgphgdmggkamkmgojdagdnn: 15
[2192:2192:0416/211919.833702:ERROR:gpu/command_buffer/service/context_group.cc:146] ContextResult::kFatalFailure: WebGL2 blocklisted
[2152:2152:0416/211919.840964:ERROR:extensions/browser/service_worker/service_worker_task_queue.cc:484] DidStartWorkerFail epcnnfbjfcgphgdmggkamkmgojdagdnn: 15
[2192:2192:0416/211959.580445:ERROR:gpu/command_buffer/service/context_group.cc:146] ContextResult::kFatalFailure: WebGL2 blocklisted
[2152:2152:0416/211959.588468:ERROR:extensions/browser/service_worker/service_worker_task_queue.cc:484] DidStartWorkerFail epcnnfbjfcgphgdmggkamkmgojdagdnn: 15
[2152:2179:0416/212027.495429:ERROR:google_apis/gcm/engine/connection_factory_impl.cc:483] ConnectionHandler failed with net error: -2
[2192:2192:0416/212103.716177:ERROR:gpu/command_buffer/service/context_group.cc:146] ContextResult::kFatalFailure: WebGL2 blocklisted
[2152:2152:0416/212103.723741:ERROR:extensions/browser/service_worker/service_worker_task_queue.cc:484] DidStartWorkerFail epcnnfbjfcgphgdmggkamkmgojdagdnn: 15
[2192:2192:0416/212138.223401:ERROR:gpu/command_buffer/service/context_group.cc:146] ContextResult::kFatalFailure: WebGL2 blocklisted
[2152:2152:0416/212138.231283:ERROR:extensions/browser/service_worker/service_worker_task_queue.cc:484] DidStartWorkerFail epcnnfbjfcgphgdmggkamkmgojdagdnn: 15
[2192:2192:0416/212325.835021:ERROR:gpu/command_buffer/service/context_group.cc:146] ContextResult::kFatalFailure: WebGL2 blocklisted
[2152:2152:0416/212325.842758:ERROR:extensions/browser/service_worker/service_worker_task_queue.cc:484] DidStartWorkerFail epcnnfbjfcgphgdmggkamkmgojdagdnn: 15
[2192:2192:0416/212625.841886:ERROR:gpu/command_buffer/service/context_group.cc:146] ContextResult::kFatalFailure: WebGL2 blocklisted
[2152:2152:0416/212625.849594:ERROR:extensions/browser/service_worker/service_worker_task_queue.cc:484] DidStartWorkerFail epcnnfbjfcgphgdmggkamkmgojdagdnn: 15
[2152:2152:0416/212641.426852:ERROR:content/common/zygote/zygote_communication_linux.cc:291] Failed to send GetTerminationStatus message to zygote
[2152:2179:0416/212641.444482:ERROR:google_apis/gcm/engine/connection_factory_impl.cc:483] ConnectionHandler failed with net error: -2
[2152:2152:0416/212641.502062:ERROR:content/browser/network_service_instance_impl.cc:608] Network service crashed or was terminated, restarting service.
[2152:2152:0416/212641.721842:ERROR:content/common/zygote/zygote_communication_linux.cc:291] Failed to send GetTerminationStatus message to zygote
[2152:2152:0416/212641.725734:ERROR:content/common/zygote/zygote_communication_linux.cc:291] Failed to send GetTerminationStatus message to zygote
[2152:2152:0416/212641.737491:ERROR:content/common/zygote/zygote_communication_linux.cc:291] Failed to send GetTerminationStatus message to zygote
[2152:2152:0416/212641.808480:ERROR:content/browser/gpu/gpu_process_host.cc:990] GPU process launch failed: error_code=1002
[2152:2152:0416/212641.811585:ERROR:content/browser/gpu/gpu_process_host.cc:990] GPU process launch failed: error_code=1002
[2152:2152:0416/212641.819986:ERROR:content/browser/gpu/gpu_process_host.cc:990] GPU process launch failed: error_code=1002
[2152:2152:0416/212641.837865:ERROR:content/browser/gpu/gpu_process_host.cc:990] GPU process launch failed: error_code=1002
[2152:2152:0416/212641.841062:ERROR:content/browser/gpu/gpu_process_host.cc:990] GPU process launch failed: error_code=1002
[2152:2152:0416/212641.843440:ERROR:content/browser/gpu/gpu_process_host.cc:990] GPU process launch failed: error_code=1002
[2152:2152:0416/212641.843492:FATAL:content/browser/gpu/gpu_data_manager_impl_private.cc:417] GPU process isn't usable. Goodbye.
[0416/212641.991645:ERROR:third_party/crashpad/crashpad/util/file/file_io_posix.cc:145] open /sys/devices/system/cpu/cpu0/cpufreq/scaling_cur_freq: No such file or directory (2)
[0416/212641.992854:ERROR:third_party/crashpad/crashpad/util/file/file_io_posix.cc:145] open /sys/devices/system/cpu/cpu0/cpufreq/scaling_max_freq: No such file or directory (2)
[0416/212642.025011:ERROR:third_party/crashpad/crashpad/util/file/directory_reader_posix.cc:43] opendir /home/techie/.config/google-chrome/Crash Reports/attachments/89e03bb5-2073-4c64-9055-5239e9b1f57a: No such file or directory (2)
[3025:3025:0416/212642.562769:ERROR:base/memory/shared_memory_switch.cc:289] Failed global descriptor lookup: 7
